// Jest Snapshot v1, https://goo.gl/fbAQLP

exports[`Pruebas en componente GiftGridItem Debe de mostrar el componente correctamente  1`] = `
<div
  className="card animate__animated animate__fadeIn"
>
  <img
    alt="Un título"
    src="https://localhost.imagen.jpg"
  />
  <p>
    Un título
  </p>
</div>
`;
